17:07:43 | INFO: Data are loaded, start creating Blender stuff
17:07:43 | INFO: Blender create Mesh node sulley_sullivan_lod0_sulley_sullivan_0
17:07:43 | INFO: glTF import finished in 0.03s
Blender 4.5.10 LTS (hash 6dc0b208d1b5 built 2026-05-19 01:33:42)
Read blend: "C:\TestCode\Abrams\model_work\fullbody\sulley_fullbody.blend"
Fra:1 Mem:141.96M (Peak 155.99M) | Time:00:17.14 | Rendering 1 / 64 samples
Fra:1 Mem:141.96M (Peak 155.99M) | Time:00:17.35 | Rendering 25 / 64 samples
Fra:1 Mem:141.96M (Peak 155.99M) | Time:00:17.38 | Rendering 50 / 64 samples
Fra:1 Mem:141.96M (Peak 155.99M) | Time:00:17.39 | Rendering 64 / 64 samples
Saved: 'C:\TestCode\Abrams\model_work\head_donor\head_donor_front.png'
Time: 00:17.52 (Saving: 00:00.11)

Fra:1 Mem:141.96M (Peak 141.96M) | Time:00:00.10 | Rendering 1 / 64 samples
Fra:1 Mem:141.96M (Peak 141.96M) | Time:00:00.13 | Rendering 25 / 64 samples
Fra:1 Mem:141.96M (Peak 141.96M) | Time:00:00.17 | Rendering 50 / 64 samples
Fra:1 Mem:141.96M (Peak 141.96M) | Time:00:00.19 | Rendering 64 / 64 samples
Saved: 'C:\TestCode\Abrams\model_work\head_donor\head_donor_threequarter.png'
Time: 00:00.25 (Saving: 00:00.04)

Info: Saved as "sulley_head_donor.blend"

FBX export starting... 'C:\\TestCode\\Abrams\\tools\\Reduced_CSDK_12\\content\\citadel_addons\\sulley_head_donor\\models\\heroes_wip\\abrams\\sulley_body.fbx'
(bpy.data.armatures['Armature'], 'POSE')
export finished in 0.1102 sec.

FBX export starting... 'C:\\TestCode\\Abrams\\tools\\Reduced_CSDK_12\\content\\citadel_addons\\sulley_head_donor\\models\\heroes_wip\\abrams\\sulley_face.fbx'
(bpy.data.armatures['Armature'], 'POSE')
export finished in 0.1008 sec.
{
  "revision": "head_donor_v3",
  "old_body_vertices": 35336,
  "body_vertices_after_old_face_removal": 3562,
  "donor_face_vertices": 472,
  "body_bounds_m": {
    "min": [
      -40.795318603515625,
      -9.294069290161133,
      0.5908918380737305
    ],
    "max": [
      40.79543685913086,
      35.832515716552734,
      111.32389068603516
    ]
  },
  "face_bounds_m": {
    "min": [
      -9.171443939208984,
      -8.450282096862793,
      95.7769775390625
    ],
    "max": [
      9.836281776428223,
      15.83055591583252,
      114.81253051757812
    ]
  },
  "donor_source": "C:\\TestCode\\Abrams\\model_work\\head_donor\\sulley_donor_source.glb",
  "approach": "Single transform of the new donor head; no procedural facial edits or fur strands."
}

Blender quit
