Extensions: writing cache failed ([WinError 183] Cannot create a file when that file already exists: 'C:\\Users\\Owner\\AppData\\Roaming\\Blender Foundation\\Blender\\4.5\\extensions\\.cache').
16:51:41 | INFO: Data are loaded, start creating Blender stuff
16:51:41 | INFO: Blender create Mesh node sulley_sullivan_lod0_sulley_sullivan_0
16:51:41 | INFO: glTF import finished in 0.02s
Blender 4.5.10 LTS (hash 6dc0b208d1b5 built 2026-05-19 01:33:42)
Fra:1 Mem:56.66M (Peak 56.71M) | Time:00:14.51 | Rendering 1 / 64 samples
Fra:1 Mem:56.66M (Peak 56.71M) | Time:00:14.66 | Rendering 25 / 64 samples
Fra:1 Mem:56.66M (Peak 56.71M) | Time:00:14.78 | Rendering 50 / 64 samples
Fra:1 Mem:56.66M (Peak 56.71M) | Time:00:14.80 | Rendering 64 / 64 samples
Saved: 'C:\TestCode\Abrams\model_work\head_donor\donor_front.png'
Time: 00:14.97 (Saving: 00:00.15)

Fra:1 Mem:56.66M (Peak 56.66M) | Time:00:00.07 | Rendering 1 / 64 samples
Fra:1 Mem:56.66M (Peak 56.66M) | Time:00:00.10 | Rendering 25 / 64 samples
Fra:1 Mem:56.66M (Peak 56.66M) | Time:00:00.12 | Rendering 50 / 64 samples
Fra:1 Mem:56.66M (Peak 56.66M) | Time:00:00.13 | Rendering 64 / 64 samples
Saved: 'C:\TestCode\Abrams\model_work\head_donor\donor_threequarter.png'
Time: 00:00.20 (Saving: 00:00.05)

{
  "bounds": {
    "min": [
      -4.003706932067871,
      -16.689035415649414,
      -2.394078254699707
    ],
    "max": [
      8.186327934265137,
      0.9999999403953552,
      8.379867553710938
    ],
    "extent": [
      12.190034866333008,
      17.689035415649414,
      10.773945808410645
    ]
  },
  "meshes": [
    {
      "name": "Object_121",
      "vertices": 1251,
      "polygons": 1652,
      "materials": [
        "sulley_sullivan"
      ],
      "groups": 115
    },
    {
      "name": "Icosphere",
      "vertices": 42,
      "polygons": 80,
      "materials": [],
      "groups": 0
    }
  ],
  "armatures": [
    {
      "name": "Object_4",
      "bones": 115
    }
  ],
  "images": [
    {
      "name": "Image_0",
      "size": [
        512,
        512
      ],
      "packed": true
    },
    {
      "name": "Render Result",
      "size": [
        0,
        0
      ],
      "packed": false
    }
  ]
}

Blender quit
